Microchip MPLAB XC8 Compiler V3.10

Linker command line:

-W-3 \
  --edf=C:\Program Files\Microchip\xc8\v3.10\pic\dat\20250813170317_en.msgs \
  -cn -h+dist/default/production\touch_01.X.production.sym \
  --cmf=dist/default/production\touch_01.X.production.cmf -z -Q16F18446 \
  -oC:\Users\ESOURCE\AppData\Local\Temp\xcAs474.0\driver_tmp_3.o \
  --defsym=__MPLAB_BUILD=1 --fixupoverflow=error \
  -Mdist/default/production/touch_01.X.production.map \
  --md=C:\Users\ESOURCE\AppData\Local\Temp\xcAs474.0\driver_tmp_0.dat -E1 \
  -ver=XC8 Compiler -ACODE=00h-07FFhx8 -ASTRCODE=00h-03FFFh \
  -ASTRING=00h-0FFhx64 -ACONST=00h-0FFhx64 -AENTRY=00h-0FFhx64 \
  -ACOMMON=070h-07Fh -ABANK0=020h-06Fh -ABANK1=0A0h-0EFh \
  -ABANK2=0120h-016Fh -ABANK3=01A0h-01EFh -ABANK4=0220h-026Fh \
  -ABANK5=02A0h-02EFh -ABANK6=0320h-036Fh -ABANK7=03A0h-03EFh \
  -ABANK8=0420h-046Fh -ABANK9=04A0h-04EFh -ABANK10=0520h-056Fh \
  -ABANK11=05A0h-05EFh -ABANK12=0620h-066Fh -ABANK13=06A0h-06EFh \
  -ABANK14=0720h-076Fh -ABANK15=07A0h-07EFh -ABANK16=0820h-086Fh \
  -ABANK17=08A0h-08EFh -ABANK18=0920h-096Fh -ABANK19=09A0h-09EFh \
  -ABANK20=0A20h-0A6Fh -ABANK21=0AA0h-0AEFh -ABANK22=0B20h-0B6Fh \
  -ABANK23=0BA0h-0BEFh -ABANK24=0C20h-0C6Fh -ABANK25=0CA0h-0CBFh \
  -ABIGRAM=02000h-027EFh \
  -ARAM=020h-06Fh,0A0h-0EFh,0120h-016Fh,01A0h-01EFh,0220h-026Fh,02A0h-02EFh,0320h-036Fh,03A0h-03EFh,0420h-046Fh,04A0h-04EFh,0520h-056Fh,05A0h-05EFh,0620h-066Fh,06A0h-06EFh,0720h-076Fh,07A0h-07EFh,0820h-086Fh,08A0h-08EFh,0920h-096Fh,09A0h-09EFh,0A20h-0A6Fh,0AA0h-0AEFh,0B20h-0B6Fh,0BA0h-0BEFh,0C20h-0C6Fh,0CA0h-0CBFh \
  -AABS1=020h-07Fh,0A0h-0EFh,0120h-016Fh,01A0h-01EFh,0220h-026Fh,02A0h-02EFh,0320h-036Fh,03A0h-03EFh,0420h-046Fh,04A0h-04EFh,0520h-056Fh,05A0h-05EFh,0620h-066Fh,06A0h-06EFh,0720h-076Fh,07A0h-07EFh,0820h-086Fh,08A0h-08EFh,0920h-096Fh,09A0h-09EFh,0A20h-0A6Fh,0AA0h-0AEFh,0B20h-0B6Fh,0BA0h-0BEFh,0C20h-0C6Fh,0CA0h-0CBFh \
  -ASFR0=00h-01Fh -ASFR1=080h-09Fh -ASFR2=0100h-011Fh -ASFR3=0180h-019Fh \
  -ASFR4=0200h-021Fh -ASFR5=0280h-029Fh -ASFR6=0300h-031Fh \
  -ASFR7=0380h-039Fh -ASFR8=0400h-041Fh -ASFR9=0480h-049Fh \
  -ASFR10=0500h-051Fh -ASFR11=0580h-059Fh -ASFR12=0600h-061Fh \
  -ASFR13=0680h-069Fh -ASFR14=0700h-071Fh -ASFR15=0780h-079Fh \
  -ASFR16=0800h-081Fh -ASFR17=0880h-089Fh -ASFR18=0900h-091Fh \
  -ASFR19=0980h-099Fh -ASFR20=0A00h-0A1Fh -ASFR21=0A80h-0A9Fh \
  -ASFR22=0B00h-0B1Fh -ASFR23=0B80h-0B9Fh -ASFR24=0C00h-0C1Fh \
  -ASFR25=0C80h-0C9Fh -ASFR26=0D00h-0D6Fh -ASFR27=0D80h-0DEFh \
  -ASFR28=0E00h-0E6Fh -ASFR29=0E80h-0EEFh -ASFR30=0F00h-0F6Fh \
  -ASFR31=0F80h-0FEFh -ASFR32=01000h-0106Fh -ASFR33=01080h-010EFh \
  -ASFR34=01100h-0116Fh -ASFR35=01180h-011EFh -ASFR36=01200h-0126Fh \
  -ASFR37=01280h-012EFh -ASFR38=01300h-0136Fh -ASFR39=01380h-013EFh \
  -ASFR40=01400h-0146Fh -ASFR41=01480h-014EFh -ASFR42=01500h-0156Fh \
  -ASFR43=01580h-015EFh -ASFR44=01600h-0166Fh -ASFR45=01680h-016EFh \
  -ASFR46=01700h-0176Fh -ASFR47=01780h-017EFh -ASFR48=01800h-0186Fh \
  -ASFR49=01880h-018EFh -ASFR50=01900h-0196Fh -ASFR51=01980h-019EFh \
  -ASFR52=01A00h-01A6Fh -ASFR53=01A80h-01AEFh -ASFR54=01B00h-01B6Fh \
  -ASFR55=01B80h-01BEFh -ASFR56=01C00h-01C6Fh -ASFR57=01C80h-01CEFh \
  -ASFR58=01D00h-01D6Fh -ASFR59=01D80h-01DEFh -ASFR60=01E00h-01E6Fh \
  -ASFR61=01E80h-01EEFh -ASFR62=01F00h-01F6Fh -ASFR63=01F80h-01FEFh \
  -ACONFIG=08007h-0800Bh -DCONFIG=2 -AIDLOC=08000h-08003h -DIDLOC=2 \
  -AEEDATA=00h-0FFh/0F000h -peeprom_data=EEDATA -DEEDATA=2 -DCODE=2 \
  -DSTRCODE=2 -DSTRING=2 -DCONST=2 -DENTRY=2 \
  -preset_vec=00h,intentry=04h,sivt,init,end_init -ppowerup=CODE \
  -pcinit=CODE -pfunctab=ENTRY -k \
  C:\Users\ESOURCE\AppData\Local\Temp\xcAs474.0\driver_tmp_15.o \
  dist/default/production\touch_01.X.production.o 

Object code version is 3.11

Machine type is 16F18446



                Name                               Link     Load   Length Selector   Space Scale
C:\Users\ESOURCE\AppData\Local\Temp\xcAs474.0\driver_tmp_15.o
                end_init                             28       28        2        8       0
                reset_vec                             0        0        2        0       0
                config                             8007     8007        5        0       4
dist/default/production\touch_01.X.production.o
                cinit                                2A       2A       20        8       0
                intentry                              4        4       24        8       0
                config                             8007     8007        5        0       4
                text70                              CAF      CAF        3     195E       0
                text69                              D15      D15        B     1A2A       0
                text68                              CC1      CC1        6     1982       0
                text67                              D8C      D8C       11     1B18       0
                text66                              DF6      DF6       13     1BEC       0
                text65                              E09      E09       14     1C12       0
                text64                              E1D      E1D       14     1C3A       0
                text63                              E83      E83       17     1D06       0
                text62                              D0B      D0B        A     1A16       0
                text61                              CE5      CE5        7     19CA       0
                text60                              274      274       CC        8       0
                text59                              4EA      4EA       80        8       0
                text58                              CC7      CC7        6     198E       0
                text57                              D4F      D4F        F     1A9E       0
                text55                              6F8      6F8       2F        8       0
                text54                              D02      D02        9     1A04       0
                text53                              CCD      CCD        6     199A       0
                text52                              D36      D36        C     1A6C       0
                text51                              E31      E31       14     1C62       0
                text50                              DAE      DAE       12     1B5C       0
                text49                              6C8      6C8       30        8       0
                text48                              FDA      FDA       26     1FB4       0
                text47                              F18      F18       1D     1E30       0
                text46                              DC0      DC0       12     1B80       0
                text45                              CEC      CEC        7     19D8       0
                text44                              EB1      EB1       19     1D62       0
                text43                              F35      F35       1D     1E6A       0
                text42                              F52      F52       1D     1EA4       0
                text41                              CD3      CD3        6     19A6       0
                text40                              F6F      F6F       21     1EDE       0
                text39                              CB5      CB5        4     196A       0
                text38                              D42      D42        D     1A84       0
                text37                              754      754       2D        8       0
                text36                              D7C      D7C       10     1AF8       0
                text35                              EFC      EFC       1C     1DF8       0
                text34                              462      462       88        8       0
                text33                              ECA      ECA       19     1D94       0
                text32                              67C      67C       4C        8       0
                text31                              E45      E45       14     1C8A       0
                text30                              7AD      7AD       2B        8       0
                text29                              3D8      3D8       8A        8       0
                text28                              CAE      CAE        1     195C       0
                text27                              5CB      5CB       5E        8       0
                text26                              56A      56A       61        8       0
                text25                              340      340       98        8       0
                text24                              EE3      EE3       19     1DC6       0
                text23                              E59      E59       15     1CB2       0
                text22                              629      629       53        8       0
                text21                              D5E      D5E        F     1ABC       0
                text20                              CB2      CB2        3     1964       0
                text19                              E6E      E6E       15     1CDC       0
                text18                              E9A      E9A       17     1D34       0
                text17                              D20      D20        B     1A40       0
                text16                              CFA      CFA        8     19F4       0
                text15                              195      195       DF        8       0
                text14                              781      781       2C        8       0
                text13                              7FF      7FF        1        8       0
                text12                               4A       4A      14B        8       0
                text11                              F90      F90       25     1F20       0
                text10                              727      727       2D        8       0
                text9                               D9D      D9D       11     1B3A       0
                text8                               CB9      CB9        4     1972       0
                text7                               DD2      DD2       12     1BA4       0
                text6                               7D8      7D8       27        8       0
                text5                               CF3      CF3        7     19E6       0
                text4                               CBD      CBD        4     197A       0
                text3                                 2        2        2        0       0
                text2                               FB5      FB5       25     1F6A       0
                text1                               DE4      DE4       12     1BC8       0
                maintext                            D2B      D2B        B     1A56       0
                cstackBANK0                          44       44       15       20       1
                cstackCOMMON                         70       70        E       70       1
                clrtext                             CD9      CD9        6     19B2       0
                inittext                            CDF      CDF        6     19BE       0
                bssBANK1                             A0       A0       10       A0       1
                dataBANK0                            59       59        F       20       1
                bssBANK0                             20       20       24       20       1
                stringtext2                        1010     1010        C     2000       0
                stringtext1                        1000     1000       10     2000       0
                idataBANK0                          D6D      D6D        F     1ADA       0

TOTAL           Name                               Link     Load   Length     Space
        CLASS   CODE           
                end_init                             28       28        2         0
                cinit                                2A       2A       20         0
                intentry                              4        4       24         0
                reset_vec                             0        0        2         0
                text70                              CAF      CAF        3         0
                text69                              D15      D15        B         0
                text68                              CC1      CC1        6         0
                text67                              D8C      D8C       11         0
                text66                              DF6      DF6       13         0
                text65                              E09      E09       14         0
                text64                              E1D      E1D       14         0
                text63                              E83      E83       17         0
                text62                              D0B      D0B        A         0
                text61                              CE5      CE5        7         0
                text60                              274      274       CC         0
                text59                              4EA      4EA       80         0
                text58                              CC7      CC7        6         0
                text57                              D4F      D4F        F         0
                text55                              6F8      6F8       2F         0
                text54                              D02      D02        9         0
                text53                              CCD      CCD        6         0
                text52                              D36      D36        C         0
                text51                              E31      E31       14         0
                text50                              DAE      DAE       12         0
                text49                              6C8      6C8       30         0
                text48                              FDA      FDA       26         0
                text47                              F18      F18       1D         0
                text46                              DC0      DC0       12         0
                text45                              CEC      CEC        7         0
                text44                              EB1      EB1       19         0
                text43                              F35      F35       1D         0
                text42                              F52      F52       1D         0
                text41                              CD3      CD3        6         0
                text40                              F6F      F6F       21         0
                text39                              CB5      CB5        4         0
                text38                              D42      D42        D         0
                text37                              754      754       2D         0
                text36                              D7C      D7C       10         0
                text35                              EFC      EFC       1C         0
                text34                              462      462       88         0
                text33                              ECA      ECA       19         0
                text32                              67C      67C       4C         0
                text31                              E45      E45       14         0
                text30                              7AD      7AD       2B         0
                text29                              3D8      3D8       8A         0
                text28                              CAE      CAE        1         0
                text27                              5CB      5CB       5E         0
                text26                              56A      56A       61         0
                text25                              340      340       98         0
                text24                              EE3      EE3       19         0
                text23                              E59      E59       15         0
                text22                              629      629       53         0
                text21                              D5E      D5E        F         0
                text20                              CB2      CB2        3         0
                text19                              E6E      E6E       15         0
                text18                              E9A      E9A       17         0
                text17                              D20      D20        B         0
                text16                              CFA      CFA        8         0
                text15                              195      195       DF         0
                text14                              781      781       2C         0
                text13                              7FF      7FF        1         0
                text12                               4A       4A      14B         0
                text11                              F90      F90       25         0
                text10                              727      727       2D         0
                text9                               D9D      D9D       11         0
                text8                               CB9      CB9        4         0
                text7                               DD2      DD2       12         0
                text6                               7D8      7D8       27         0
                text5                               CF3      CF3        7         0
                text4                               CBD      CBD        4         0
                text3                                 2        2        2         0
                text2                               FB5      FB5       25         0
                text1                               DE4      DE4       12         0
                maintext                            D2B      D2B        B         0
                clrtext                             CD9      CD9        6         0
                inittext                            CDF      CDF        6         0
                idataBANK0                          D6D      D6D        F         0

        CLASS   STRCODE        
                stringtext2                        1010     1010        C         0
                stringtext1                        1000     1000       10         0

        CLASS   STRING         

        CLASS   CONST          

        CLASS   ENTRY          

        CLASS   COMMON         
                cstackCOMMON                         70       70        E         1

        CLASS   BANK0          
                cstackBANK0                          44       44       15         1
                dataBANK0                            59       59        F         1
                bssBANK0                             20       20       24         1

        CLASS   BANK1          
                bssBANK1                             A0       A0       10         1

        CLASS   BANK2          

        CLASS   BANK3          

        CLASS   BANK4          

        CLASS   BANK5          

        CLASS   BANK6          

        CLASS   BANK7          

        CLASS   BANK8          

        CLASS   BANK9          

        CLASS   BANK10         

        CLASS   BANK11         

        CLASS   BANK12         

        CLASS   BANK13         

        CLASS   BANK14         

        CLASS   BANK15         

        CLASS   BANK16         

        CLASS   BANK17         

        CLASS   BANK18         

        CLASS   BANK19         

        CLASS   BANK20         

        CLASS   BANK21         

        CLASS   BANK22         

        CLASS   BANK23         

        CLASS   BANK24         

        CLASS   BANK25         

        CLASS   BIGRAM         

        CLASS   RAM            

        CLASS   ABS1           
                abs_s1                               7E       7E        2         1

        CLASS   SFR0           

        CLASS   SFR1           

        CLASS   SFR2           

        CLASS   SFR3           

        CLASS   SFR4           

        CLASS   SFR5           

        CLASS   SFR6           

        CLASS   SFR7           

        CLASS   SFR8           

        CLASS   SFR9           

        CLASS   SFR10          

        CLASS   SFR11          

        CLASS   SFR12          

        CLASS   SFR13          

        CLASS   SFR14          

        CLASS   SFR15          

        CLASS   SFR16          

        CLASS   SFR17          

        CLASS   SFR18          

        CLASS   SFR19          

        CLASS   SFR20          

        CLASS   SFR21          

        CLASS   SFR22          

        CLASS   SFR23          

        CLASS   SFR24          

        CLASS   SFR25          

        CLASS   SFR26          

        CLASS   SFR27          

        CLASS   SFR28          

        CLASS   SFR29          

        CLASS   SFR30          

        CLASS   SFR31          

        CLASS   SFR32          

        CLASS   SFR33          

        CLASS   SFR34          

        CLASS   SFR35          

        CLASS   SFR36          

        CLASS   SFR37          

        CLASS   SFR38          

        CLASS   SFR39          

        CLASS   SFR40          

        CLASS   SFR41          

        CLASS   SFR42          

        CLASS   SFR43          

        CLASS   SFR44          

        CLASS   SFR45          

        CLASS   SFR46          

        CLASS   SFR47          

        CLASS   SFR48          

        CLASS   SFR49          

        CLASS   SFR50          

        CLASS   SFR51          

        CLASS   SFR52          

        CLASS   SFR53          

        CLASS   SFR54          

        CLASS   SFR55          

        CLASS   SFR56          

        CLASS   SFR57          

        CLASS   SFR58          

        CLASS   SFR59          

        CLASS   SFR60          

        CLASS   SFR61          

        CLASS   SFR62          

        CLASS   SFR63          

        CLASS   CONFIG         
                config                             8007     8007        5         4

        CLASS   IDLOC          

        CLASS   EEDATA         

        CLASS   BANK63         

        CLASS   BANK62         

        CLASS   BANK61         

        CLASS   BANK60         

        CLASS   BANK59         

        CLASS   BANK58         

        CLASS   BANK57         

        CLASS   BANK56         

        CLASS   BANK55         

        CLASS   BANK54         

        CLASS   BANK53         

        CLASS   BANK52         

        CLASS   BANK51         

        CLASS   BANK50         

        CLASS   BANK49         

        CLASS   BANK48         

        CLASS   BANK47         

        CLASS   BANK46         

        CLASS   BANK45         

        CLASS   BANK44         

        CLASS   BANK43         

        CLASS   BANK42         

        CLASS   BANK41         

        CLASS   BANK40         

        CLASS   BANK39         

        CLASS   BANK38         

        CLASS   BANK37         

        CLASS   BANK36         

        CLASS   BANK35         

        CLASS   BANK34         

        CLASS   BANK33         

        CLASS   BANK32         

        CLASS   BANK31         

        CLASS   BANK30         

        CLASS   BANK29         

        CLASS   BANK28         

        CLASS   BANK27         

        CLASS   BANK26         

        CLASS   HEAP           

        CLASS   STACK          



SEGMENTS        Name                           Load    Length   Top    Selector   Space  Class     Delta

                reset_vec                      000000  000004  000004         0       0  CODE        2
                intentry                       000004  0007FC  000800         8       0  CODE        2
                bssBANK0                       000020  000048  000068        20       1  BANK0       1
                cstackCOMMON                   000070  00000E  00007E        70       1  COMMON      1
                bssBANK1                       0000A0  000010  0000B0        A0       1  BANK1       1
                text28                         000CAE  000001  000CAF      195C       0  CODE        2
                text70                         000CAF  000003  000CB2      195E       0  CODE        2
                text20                         000CB2  000003  000CB5      1964       0  CODE        2
                text39                         000CB5  000004  000CB9      196A       0  CODE        2
                text8                          000CB9  000004  000CBD      1972       0  CODE        2
                text4                          000CBD  000004  000CC1      197A       0  CODE        2
                text68                         000CC1  000006  000CC7      1982       0  CODE        2
                text58                         000CC7  000006  000CCD      198E       0  CODE        2
                text53                         000CCD  000006  000CD3      199A       0  CODE        2
                text41                         000CD3  000006  000CD9      19A6       0  CODE        2
                clrtext                        000CD9  000006  000CDF      19B2       0  CODE        2
                inittext                       000CDF  000006  000CE5      19BE       0  CODE        2
                text61                         000CE5  000007  000CEC      19CA       0  CODE        2
                text45                         000CEC  000007  000CF3      19D8       0  CODE        2
                text5                          000CF3  000007  000CFA      19E6       0  CODE        2
                text16                         000CFA  000008  000D02      19F4       0  CODE        2
                text54                         000D02  000009  000D0B      1A04       0  CODE        2
                text62                         000D0B  00000A  000D15      1A16       0  CODE        2
                text69                         000D15  00000B  000D20      1A2A       0  CODE        2
                text17                         000D20  00000B  000D2B      1A40       0  CODE        2
                maintext                       000D2B  00000B  000D36      1A56       0  CODE        2
                text52                         000D36  00000C  000D42      1A6C       0  CODE        2
                text38                         000D42  00000D  000D4F      1A84       0  CODE        2
                text57                         000D4F  00000F  000D5E      1A9E       0  CODE        2
                text21                         000D5E  00000F  000D6D      1ABC       0  CODE        2
                idataBANK0                     000D6D  00000F  000D7C      1ADA       0  CODE        2
                text36                         000D7C  000010  000D8C      1AF8       0  CODE        2
                text67                         000D8C  000011  000D9D      1B18       0  CODE        2
                text9                          000D9D  000011  000DAE      1B3A       0  CODE        2
                text50                         000DAE  000012  000DC0      1B5C       0  CODE        2
                text46                         000DC0  000012  000DD2      1B80       0  CODE        2
                text7                          000DD2  000012  000DE4      1BA4       0  CODE        2
                text1                          000DE4  000012  000DF6      1BC8       0  CODE        2
                text66                         000DF6  000013  000E09      1BEC       0  CODE        2
                text65                         000E09  000014  000E1D      1C12       0  CODE        2
                text64                         000E1D  000014  000E31      1C3A       0  CODE        2
                text51                         000E31  000014  000E45      1C62       0  CODE        2
                text31                         000E45  000014  000E59      1C8A       0  CODE        2
                text23                         000E59  000015  000E6E      1CB2       0  CODE        2
                text19                         000E6E  000015  000E83      1CDC       0  CODE        2
                text63                         000E83  000017  000E9A      1D06       0  CODE        2
                text18                         000E9A  000017  000EB1      1D34       0  CODE        2
                text44                         000EB1  000019  000ECA      1D62       0  CODE        2
                text33                         000ECA  000019  000EE3      1D94       0  CODE        2
                text24                         000EE3  000019  000EFC      1DC6       0  CODE        2
                text35                         000EFC  00001C  000F18      1DF8       0  CODE        2
                text47                         000F18  00001D  000F35      1E30       0  CODE        2
                text43                         000F35  00001D  000F52      1E6A       0  CODE        2
                text42                         000F52  00001D  000F6F      1EA4       0  CODE        2
                text40                         000F6F  000021  000F90      1EDE       0  CODE        2
                text11                         000F90  000025  000FB5      1F20       0  CODE        2
                text2                          000FB5  000025  000FDA      1F6A       0  CODE        2
                text48                         000FDA  000026  001000      1FB4       0  CODE        2
                stringtext1                    001000  00001C  00101C      2000       0  STRCODE     2


UNUSED ADDRESS RANGES

        Name                Unused          Largest block    Delta
        BANK0            00068-0006F               8           1
        BANK1            000B0-000EF              40           1
        BANK10           00520-0056F              50           1
        BANK11           005A0-005EF              50           1
        BANK12           00620-0066F              50           1
        BANK13           006A0-006EF              50           1
        BANK14           00720-0076F              50           1
        BANK15           007A0-007EF              50           1
        BANK16           00820-0086F              50           1
        BANK17           008A0-008EF              50           1
        BANK18           00920-0096F              50           1
        BANK19           009A0-009EF              50           1
        BANK2            00120-0016F              50           1
        BANK20           00A20-00A6F              50           1
        BANK21           00AA0-00AEF              50           1
        BANK22           00B20-00B6F              50           1
        BANK23           00BA0-00BEF              50           1
        BANK24           00C20-00C6F              50           1
        BANK25           00CA0-00CBF              20           1
        BANK3            001A0-001EF              50           1
        BANK4            00220-0026F              50           1
        BANK5            002A0-002EF              50           1
        BANK6            00320-0036F              50           1
        BANK7            003A0-003EF              50           1
        BANK8            00420-0046F              50           1
        BANK9            004A0-004EF              50           1
        BIGRAM           02000-027EF             7F0           1
        CODE             00800-00CAD             4AE           2
                         0101C-03FFF             800
        CONST            00800-00CAD             100           2
                         0101C-03FFF             100
        EEDATA           0F000-0F0FF             100           2
        ENTRY            00800-00CAD             100           2
                         0101C-03FFF             100
        IDLOC            08000-08003               4           2
        RAM              00068-0006F               8           1
                         000B0-000EF              40
                         00120-0016F              50
                         001A0-001EF              50
                         00220-0026F              50
                         002A0-002EF              50
                         00320-0036F              50
                         003A0-003EF              50
                         00420-0046F              50
                         004A0-004EF              50
                         00520-0056F              50
                         005A0-005EF              50
                         00620-0066F              50
                         006A0-006EF              50
                         00720-0076F              50
                         007A0-007EF              50
                         00820-0086F              50
                         008A0-008EF              50
                         00920-0096F              50
                         009A0-009EF              50
                         00A20-00A6F              50
                         00AA0-00AEF              50
                         00B20-00B6F              50
                         00BA0-00BEF              50
                         00C20-00C6F              50
                         00CA0-00CBF              20
        SFR0             00000-0001F              20           1
        SFR1             00080-0009F              20           1
        SFR10            00500-0051F              20           1
        SFR11            00580-0059F              20           1
        SFR12            00600-0061F              20           1
        SFR13            00680-0069F              20           1
        SFR14            00700-0071F              20           1
        SFR15            00780-0079F              20           1
        SFR16            00800-0081F              20           1
        SFR17            00880-0089F              20           1
        SFR18            00900-0091F              20           1
        SFR19            00980-0099F              20           1
        SFR2             00100-0011F              20           1
        SFR20            00A00-00A1F              20           1
        SFR21            00A80-00A9F              20           1
        SFR22            00B00-00B1F              20           1
        SFR23            00B80-00B9F              20           1
        SFR24            00C00-00C1F              20           1
        SFR25            00C80-00C9F              20           1
        SFR26            00D00-00D6F              70           1
        SFR27            00D80-00DEF              70           1
        SFR28            00E00-00E6F              70           1
        SFR29            00E80-00EEF              70           1
        SFR3             00180-0019F              20           1
        SFR30            00F00-00F6F              70           1
        SFR31            00F80-00FEF              70           1
        SFR32            01000-0106F              70           1
        SFR33            01080-010EF              70           1
        SFR34            01100-0116F              70           1
        SFR35            01180-011EF              70           1
        SFR36            01200-0126F              70           1
        SFR37            01280-012EF              70           1
        SFR38            01300-0136F              70           1
        SFR39            01380-013EF              70           1
        SFR4             00200-0021F              20           1
        SFR40            01400-0146F              70           1
        SFR41            01480-014EF              70           1
        SFR42            01500-0156F              70           1
        SFR43            01580-015EF              70           1
        SFR44            01600-0166F              70           1
        SFR45            01680-016EF              70           1
        SFR46            01700-0176F              70           1
        SFR47            01780-017EF              70           1
        SFR48            01800-0186F              70           1
        SFR49            01880-018EF              70           1
        SFR5             00280-0029F              20           1
        SFR50            01900-0196F              70           1
        SFR51            01980-019EF              70           1
        SFR52            01A00-01A6F              70           1
        SFR53            01A80-01AEF              70           1
        SFR54            01B00-01B6F              70           1
        SFR55            01B80-01BEF              70           1
        SFR56            01C00-01C6F              70           1
        SFR57            01C80-01CEF              70           1
        SFR58            01D00-01D6F              70           1
        SFR59            01D80-01DEF              70           1
        SFR6             00300-0031F              20           1
        SFR60            01E00-01E6F              70           1
        SFR61            01E80-01EEF              70           1
        SFR62            01F00-01F6F              70           1
        SFR63            01F80-01FEF              70           1
        SFR7             00380-0039F              20           1
        SFR8             00400-0041F              20           1
        SFR9             00480-0049F              20           1
        STRCODE          00800-00CAD             4AE           2
                         0101C-03FFF            2FE4
        STRING           00800-00CAD             100           2
                         0101C-03FFF             100

                                  Symbol Table

?_MTOUCH_Sensor_RawSample_Get                 cstackBANK0  00048
?_abs                                         cstackCOMMON 00070
?_medianFilter                                cstackBANK0  00048
ADC_ThresholdCallbackRegister@callback        cstackBANK0  00045
Button_Baseline_Initialize@button             cstackBANK0  0004B
Button_Baseline_Update@button                 cstackBANK0  00045
Button_DefaultCallback@button                 cstackBANK0  00045
Button_Deviation_Update@button                cstackBANK0  00045
Button_Deviation_Update@deviation             cstackBANK0  00050
Button_Reading_Update@button                  cstackBANK0  0004E
Button_Reading_Update_Helper@button           cstackBANK0  0004B
Button_Service@button                         cstackBANK0  00057
Button_Service@name                           cstackBANK0  00056
Button_State_Initializing@button              cstackBANK0  00050
Button_State_NotPressed@button                cstackBANK0  00050
Button_State_Pressed@button                   cstackBANK0  00050
Button_Tick_helper@button                     cstackBANK0  00045
INT_SetInterruptHandler@InterruptHandler      cstackBANK0  00045
MTOUCH_Button_Initialize@button               cstackBANK0  0004B
MTOUCH_Button_Initialize@name                 cstackBANK0  0004A
MTOUCH_Button_InitializeAll@button            cstackBANK0  0004E
MTOUCH_Button_ServiceAll@button               cstackBANK0  00058
MTOUCH_Button_isPressed@name                  cstackBANK0  00046
MTOUCH_Sensor_Calibrate@sensor                cstackBANK0  00048
MTOUCH_Sensor_Enable@sensor                   cstackBANK0  00048
MTOUCH_Sensor_Initialize@sensor               cstackBANK0  00049
MTOUCH_Sensor_InitializeAll@sensor            cstackBANK0  0004E
MTOUCH_Sensor_RawSample_Get@name              cstackBANK0  0004A
MTOUCH_Sensor_Sampled_ResetAll@sensor         cstackBANK0  0004A
MTOUCH_Sensor_Service@sensor                  cstackBANK0  00044
MTOUCH_Sensor_isCalibrated@sensor             cstackBANK0  00049
MTOUCH_Sensor_isEnabled@sensor                cstackBANK0  00048
MTOUCH_Sensor_isSamplingComplete@sensor       cstackBANK0  00051
MTOUCH_Sensor_postAcquisitionProcess@name     cstackBANK0  00053
MTOUCH_Sensor_wasSampled@sensor               cstackBANK0  00048
Sensor_DefaultCallback@sensor                 cstackBANK0  00045
Sensor_RawSample_Update@result                cstackBANK0  00050
Sensor_RawSample_Update@sensor                cstackBANK0  0004F
Sensor_Sampled_Reset@sensor                   cstackBANK0  00048
Sensor_SetTrisBit@TrisBit                     cstackBANK0  00045
Sensor_SetTrisBit@sensor                      cstackBANK0  00048
Sensor_isCalibrated@sensor                    cstackBANK0  00045
Sensor_isCalibratingAcqTime@sensor            cstackBANK0  00045
Sensor_scheduleNextScan@sensor                cstackBANK0  00050
Sensor_scheduleNextScan@skipScan              cstackBANK0  0004F
Sensor_scheduleNextScan@state                 cstackBANK0  0004E
Sensor_setCalibrated@sensor                   cstackCOMMON 00070
Sensor_setSampled@sensor                      cstackCOMMON 00070
_ADACC                                        (abs)        00096
_ADACCH                                       (abs)        00097
_ADACCL                                       (abs)        00096
_ADACCU                                       (abs)        00098
_ADACQ                                        (abs)        0010C
_ADACQH                                       (abs)        0010D
_ADACQL                                       (abs)        0010C
_ADACT                                        (abs)        00117
_ADCAP                                        (abs)        0010E
_ADCC_ThresholdISR_mTouch                     text58       00CC7
_ADCLK                                        (abs)        00118
_ADCNT                                        (abs)        00099
_ADCON0                                       (abs)        00111
_ADCON0bits                                   (abs)        00111
_ADCON1                                       (abs)        00112
_ADCON1bits                                   (abs)        00112
_ADCON2                                       (abs)        00113
_ADCON2bits                                   (abs)        00113
_ADCON3                                       (abs)        00114
_ADCON3bits                                   (abs)        00114
_ADCPCON0                                     (abs)        0029F
_ADCPCON0bits                                 (abs)        0029F
_ADC_ConversionDoneCallback                   bssBANK0     0002A
_ADC_ISR                                      text70       00CAF
_ADC_Initialize                               text55       006F8
_ADC_ThresholdCallback                        bssBANK0     00028
_ADC_ThresholdCallbackRegister                text41       00CD3
_ADC_ThresholdISR                             text57       00D4F
_ADERRH                                       (abs)        00091
_ADERRL                                       (abs)        00090
_ADFLTR                                       (abs)        00094
_ADFLTRH                                      (abs)        00095
_ADFLTRL                                      (abs)        00094
_ADLTHH                                       (abs)        0008D
_ADLTHL                                       (abs)        0008C
_ADPCH                                        (abs)        0009F
_ADPRE                                        (abs)        0010F
_ADPREH                                       (abs)        00110
_ADPREL                                       (abs)        0010F
_ADPREVH                                      (abs)        0009C
_ADPREVL                                      (abs)        0009B
_ADREF                                        (abs)        00116
_ADRESH                                       (abs)        0009E
_ADRESL                                       (abs)        0009D
_ADRPT                                        (abs)        0009A
_ADSTAT                                       (abs)        00115
_ADSTATbits                                   (abs)        00115
_ADSTPTH                                      (abs)        00093
_ADSTPTL                                      (abs)        00092
_ADUTHH                                       (abs)        0008F
_ADUTHL                                       (abs)        0008E
_ANSELA                                       (abs)        01F38
_ANSELB                                       (abs)        01F43
_ANSELC                                       (abs)        01F4E
_Button_Baseline_Initialize                   text30       007AD
_Button_Baseline_Update                       text29       003D8
_Button_DefaultCallback                       text28       00CAE
_Button_Deviation_Update                      text34       00462
_Button_Reading_Update                        text31       00E45
_Button_Reading_Update_Helper                 text32       0067C
_Button_Service                               text22       00629
_Button_StateMachine                          dataBANK0    00059
_Button_State_Initializing                    text26       0056A
_Button_State_NotPressed                      text25       00340
_Button_State_Pressed                         text27       005CB
_Button_Tick_helper                           text6        007D8
_CLOCK_Initialize                             text54       00D02
_GIE                                          (abs)        0005F
_INLVLA                                       (abs)        01F3C
_INLVLB                                       (abs)        01F47
_INLVLC                                       (abs)        01F52
_INTCONbits                                   (abs)        0000B
_INTERRUPT_Initialize                         text52       00D36
_INTERRUPT_InterruptManager                   intentry     00004
_INT_DefaultInterruptHandler                  (abs)        00000
_INT_InterruptHandler                         bssBANK0     0002C
_INT_SetInterruptHandler                      text53       00CCD
_IOCAF                                        (abs)        01F3F
_IOCAN                                        (abs)        01F3E
_IOCAP                                        (abs)        01F3D
_IOCBF                                        (abs)        01F4A
_IOCBN                                        (abs)        01F49
_IOCBP                                        (abs)        01F48
_IOCCF                                        (abs)        01F55
_IOCCN                                        (abs)        01F54
_IOCCP                                        (abs)        01F53
_LATA                                         (abs)        00018
_LATB                                         (abs)        00019
_LATBbits                                     (abs)        00019
_LATC                                         (abs)        0001A
_MTOUCH_Button_Initialize                     text49       006C8
_MTOUCH_Button_InitializeAll                  text47       00F18
_MTOUCH_Button_ServiceAll                     text21       00D5E
_MTOUCH_Button_Tick                           text5        00CF3
_MTOUCH_Button_isPressed                      text35       00EFC
_MTOUCH_Initialize                            text38       00D42
_MTOUCH_Sensor_ADCC_Initialize                text40       00F6F
_MTOUCH_Sensor_Calibrate                      text50       00DAE
_MTOUCH_Sensor_Enable                         text46       00DC0
_MTOUCH_Sensor_Initialize                     text44       00EB1
_MTOUCH_Sensor_InitializeAll                  text43       00F35
_MTOUCH_Sensor_RawSample_Get                  text33       00ECA
_MTOUCH_Sensor_SampleAll                      text7        00DD2
_MTOUCH_Sensor_Sampled_ResetAll               text42       00F52
_MTOUCH_Sensor_Scan_Initialize                text39       00CB5
_MTOUCH_Sensor_Service                        text59       004EA
_MTOUCH_Sensor_isCalibrated                   text24       00EE3
_MTOUCH_Sensor_isEnabled                      text19       00E6E
_MTOUCH_Sensor_isSampling                     text20       00CB2
_MTOUCH_Sensor_isSamplingComplete             text14       00781
_MTOUCH_Sensor_postAcquisitionProcess         text10       00727
_MTOUCH_Sensor_postAcquisitionProcess$2588    cstackBANK0  00052
_MTOUCH_Sensor_wasSampled                     text23       00E59
_MTOUCH_Service_Mainloop                      text2        00FB5
_MTOUCH_Tick                                  text4        00CBD
_MTOUCH_needReburst                           text3        00002
_ODCONA                                       (abs)        01F3A
_ODCONB                                       (abs)        01F45
_ODCONC                                       (abs)        01F50
_OSCCON1                                      (abs)        0088D
_OSCCON3                                      (abs)        0088F
_OSCEN                                        (abs)        00891
_OSCFRQ                                       (abs)        00893
_OSCTUNE                                      (abs)        00892
_PIE1bits                                     (abs)        00717
_PIN_MANAGER_Initialize                       text37       00754
_PIR0bits                                     (abs)        0070C
_PIR1bits                                     (abs)        0070D
_SLRCONA                                      (abs)        01F3B
_SLRCONB                                      (abs)        01F46
_SLRCONC                                      (abs)        01F51
_SYSTEM_Initialize                            text36       00D7C
_Sensor_DefaultCallback                       text13       007FF
_Sensor_FrequencyHopping                      text8        00CB9
_Sensor_RawSample_Update                      text11       00F90
_Sensor_Sampled_Reset                         text45       00CEC
_Sensor_SetTrisBit                            text18       00E9A
_Sensor_isCalibrated                          text17       00D20
_Sensor_isCalibratingAcqTime                  text16       00CFA
_Sensor_scheduleNextScan                      text15       00195
_Sensor_setCalibrated                         text69       00D15
_Sensor_setSamplePeriod                       text9        00D9D
_Sensor_setSampled                            text68       00CC1
_TRISA                                        (abs)        00012
_TRISB                                        (abs)        00013
_TRISBbits                                    (abs)        00013
_TRISC                                        (abs)        00014
_WPUA                                         (abs)        01F39
_WPUB                                         (abs)        01F44
_WPUC                                         (abs)        01F4F
__H__absolute__                               __absolute__ 00000
__Habs1                                       abs1         00000
__Hbank0                                      bank0        00000
__Hbank1                                      bank1        00000
__Hbank10                                     bank10       00000
__Hbank11                                     bank11       00000
__Hbank12                                     bank12       00000
__Hbank13                                     bank13       00000
__Hbank14                                     bank14       00000
__Hbank15                                     bank15       00000
__Hbank16                                     bank16       00000
__Hbank17                                     bank17       00000
__Hbank18                                     bank18       00000
__Hbank19                                     bank19       00000
__Hbank2                                      bank2        00000
__Hbank20                                     bank20       00000
__Hbank21                                     bank21       00000
__Hbank22                                     bank22       00000
__Hbank23                                     bank23       00000
__Hbank24                                     bank24       00000
__Hbank25                                     bank25       00000
__Hbank26                                     bank26       00000
__Hbank27                                     bank27       00000
__Hbank28                                     bank28       00000
__Hbank29                                     bank29       00000
__Hbank3                                      bank3        00000
__Hbank30                                     bank30       00000
__Hbank31                                     bank31       00000
__Hbank32                                     bank32       00000
__Hbank33                                     bank33       00000
__Hbank34                                     bank34       00000
__Hbank35                                     bank35       00000
__Hbank36                                     bank36       00000
__Hbank37                                     bank37       00000
__Hbank38                                     bank38       00000
__Hbank39                                     bank39       00000
__Hbank4                                      bank4        00000
__Hbank40                                     bank40       00000
__Hbank41                                     bank41       00000
__Hbank42                                     bank42       00000
__Hbank43                                     bank43       00000
__Hbank44                                     bank44       00000
__Hbank45                                     bank45       00000
__Hbank46                                     bank46       00000
__Hbank47                                     bank47       00000
__Hbank48                                     bank48       00000
__Hbank49                                     bank49       00000
__Hbank5                                      bank5        00000
__Hbank50                                     bank50       00000
__Hbank51                                     bank51       00000
__Hbank52                                     bank52       00000
__Hbank53                                     bank53       00000
__Hbank54                                     bank54       00000
__Hbank55                                     bank55       00000
__Hbank56                                     bank56       00000
__Hbank57                                     bank57       00000
__Hbank58                                     bank58       00000
__Hbank59                                     bank59       00000
__Hbank6                                      bank6        00000
__Hbank60                                     bank60       00000
__Hbank61                                     bank61       00000
__Hbank62                                     bank62       00000
__Hbank63                                     bank63       00000
__Hbank7                                      bank7        00000
__Hbank8                                      bank8        00000
__Hbank9                                      bank9        00000
__Hbigram                                     bigram       00000
__HbssBANK0                                   bssBANK0     00000
__HbssBANK1                                   bssBANK1     00000
__Hcinit                                      cinit        0004A
__Hclrtext                                    clrtext      00000
__Hcode                                       code         00000
__Hcommon                                     common       00000
__Hconfig                                     config       0800C
__HcstackBANK0                                cstackBANK0  00000
__HcstackCOMMON                               cstackCOMMON 00000
__HdataBANK0                                  dataBANK0    00000
__Heeprom_data                                eeprom_data  00000
__Hend_init                                   end_init     0002A
__Hfunctab                                    functab      00000
__Hheap                                       heap         00000
__HidataBANK0                                 idataBANK0   00000
__Hinit                                       init         00028
__Hinittext                                   inittext     00000
__Hintentry                                   intentry     00028
__Hmaintext                                   maintext     00000
__Hpowerup                                    powerup      00000
__Hram                                        ram          00000
__Hreset_vec                                  reset_vec    00002
__Hsfr0                                       sfr0         00000
__Hsfr1                                       sfr1         00000
__Hsfr10                                      sfr10        00000
__Hsfr11                                      sfr11        00000
__Hsfr12                                      sfr12        00000
__Hsfr13                                      sfr13        00000
__Hsfr14                                      sfr14        00000
__Hsfr15                                      sfr15        00000
__Hsfr16                                      sfr16        00000
__Hsfr17                                      sfr17        00000
__Hsfr18                                      sfr18        00000
__Hsfr19                                      sfr19        00000
__Hsfr2                                       sfr2         00000
__Hsfr20                                      sfr20        00000
__Hsfr21                                      sfr21        00000
__Hsfr22                                      sfr22        00000
__Hsfr23                                      sfr23        00000
__Hsfr24                                      sfr24        00000
__Hsfr25                                      sfr25        00000
__Hsfr26                                      sfr26        00000
__Hsfr27                                      sfr27        00000
__Hsfr28                                      sfr28        00000
__Hsfr29                                      sfr29        00000
__Hsfr3                                       sfr3         00000
__Hsfr30                                      sfr30        00000
__Hsfr31                                      sfr31        00000
__Hsfr32                                      sfr32        00000
__Hsfr33                                      sfr33        00000
__Hsfr34                                      sfr34        00000
__Hsfr35                                      sfr35        00000
__Hsfr36                                      sfr36        00000
__Hsfr37                                      sfr37        00000
__Hsfr38                                      sfr38        00000
__Hsfr39                                      sfr39        00000
__Hsfr4                                       sfr4         00000
__Hsfr40                                      sfr40        00000
__Hsfr41                                      sfr41        00000
__Hsfr42                                      sfr42        00000
__Hsfr43                                      sfr43        00000
__Hsfr44                                      sfr44        00000
__Hsfr45                                      sfr45        00000
__Hsfr46                                      sfr46        00000
__Hsfr47                                      sfr47        00000
__Hsfr48                                      sfr48        00000
__Hsfr49                                      sfr49        00000
__Hsfr5                                       sfr5         00000
__Hsfr50                                      sfr50        00000
__Hsfr51                                      sfr51        00000
__Hsfr52                                      sfr52        00000
__Hsfr53                                      sfr53        00000
__Hsfr54                                      sfr54        00000
__Hsfr55                                      sfr55        00000
__Hsfr56                                      sfr56        00000
__Hsfr57                                      sfr57        00000
__Hsfr58                                      sfr58        00000
__Hsfr59                                      sfr59        00000
__Hsfr6                                       sfr6         00000
__Hsfr60                                      sfr60        00000
__Hsfr61                                      sfr61        00000
__Hsfr62                                      sfr62        00000
__Hsfr63                                      sfr63        00000
__Hsfr7                                       sfr7         00000
__Hsfr8                                       sfr8         00000
__Hsfr9                                       sfr9         00000
__Hsivt                                       sivt         00028
__Hspace_0                                    (abs)        0101C
__Hspace_1                                    (abs)        000B0
__Hspace_2                                    (abs)        00000
__Hspace_3                                    (abs)        00000
__Hspace_4                                    (abs)        10013
__Hstack                                      stack        00000
__Hstrings                                    strings      00000
__Hstringtext1                                stringtext1  00000
__Hstringtext2                                stringtext2  00000
__Htext                                       text         00000
__L__absolute__                               __absolute__ 00000
__Labs1                                       abs1         00000
__Lbank0                                      bank0        00000
__Lbank1                                      bank1        00000
__Lbank10                                     bank10       00000
__Lbank11                                     bank11       00000
__Lbank12                                     bank12       00000
__Lbank13                                     bank13       00000
__Lbank14                                     bank14       00000
__Lbank15                                     bank15       00000
__Lbank16                                     bank16       00000
__Lbank17                                     bank17       00000
__Lbank18                                     bank18       00000
__Lbank19                                     bank19       00000
__Lbank2                                      bank2        00000
__Lbank20                                     bank20       00000
__Lbank21                                     bank21       00000
__Lbank22                                     bank22       00000
__Lbank23                                     bank23       00000
__Lbank24                                     bank24       00000
__Lbank25                                     bank25       00000
__Lbank26                                     bank26       00000
__Lbank27                                     bank27       00000
__Lbank28                                     bank28       00000
__Lbank29                                     bank29       00000
__Lbank3                                      bank3        00000
__Lbank30                                     bank30       00000
__Lbank31                                     bank31       00000
__Lbank32                                     bank32       00000
__Lbank33                                     bank33       00000
__Lbank34                                     bank34       00000
__Lbank35                                     bank35       00000
__Lbank36                                     bank36       00000
__Lbank37                                     bank37       00000
__Lbank38                                     bank38       00000
__Lbank39                                     bank39       00000
__Lbank4                                      bank4        00000
__Lbank40                                     bank40       00000
__Lbank41                                     bank41       00000
__Lbank42                                     bank42       00000
__Lbank43                                     bank43       00000
__Lbank44                                     bank44       00000
__Lbank45                                     bank45       00000
__Lbank46                                     bank46       00000
__Lbank47                                     bank47       00000
__Lbank48                                     bank48       00000
__Lbank49                                     bank49       00000
__Lbank5                                      bank5        00000
__Lbank50                                     bank50       00000
__Lbank51                                     bank51       00000
__Lbank52                                     bank52       00000
__Lbank53                                     bank53       00000
__Lbank54                                     bank54       00000
__Lbank55                                     bank55       00000
__Lbank56                                     bank56       00000
__Lbank57                                     bank57       00000
__Lbank58                                     bank58       00000
__Lbank59                                     bank59       00000
__Lbank6                                      bank6        00000
__Lbank60                                     bank60       00000
__Lbank61                                     bank61       00000
__Lbank62                                     bank62       00000
__Lbank63                                     bank63       00000
__Lbank7                                      bank7        00000
__Lbank8                                      bank8        00000
__Lbank9                                      bank9        00000
__Lbigram                                     bigram       00000
__LbssBANK0                                   bssBANK0     00000
__LbssBANK1                                   bssBANK1     00000
__Lcinit                                      cinit        0002A
__Lclrtext                                    clrtext      00000
__Lcode                                       code         00000
__Lcommon                                     common       00000
__Lconfig                                     config       00000
__LcstackBANK0                                cstackBANK0  00000
__LcstackCOMMON                               cstackCOMMON 00000
__LdataBANK0                                  dataBANK0    00000
__Leeprom_data                                eeprom_data  00000
__Lend_init                                   end_init     00028
__Lfunctab                                    functab      00000
__Lheap                                       heap         00000
__LidataBANK0                                 idataBANK0   00000
__Linit                                       init         00028
__Linittext                                   inittext     00000
__Lintentry                                   intentry     00004
__Lmaintext                                   maintext     00000
__Lpowerup                                    powerup      00000
__Lram                                        ram          00000
__Lreset_vec                                  reset_vec    00000
__Lsfr0                                       sfr0         00000
__Lsfr1                                       sfr1         00000
__Lsfr10                                      sfr10        00000
__Lsfr11                                      sfr11        00000
__Lsfr12                                      sfr12        00000
__Lsfr13                                      sfr13        00000
__Lsfr14                                      sfr14        00000
__Lsfr15                                      sfr15        00000
__Lsfr16                                      sfr16        00000
__Lsfr17                                      sfr17        00000
__Lsfr18                                      sfr18        00000
__Lsfr19                                      sfr19        00000
__Lsfr2                                       sfr2         00000
__Lsfr20                                      sfr20        00000
__Lsfr21                                      sfr21        00000
__Lsfr22                                      sfr22        00000
__Lsfr23                                      sfr23        00000
__Lsfr24                                      sfr24        00000
__Lsfr25                                      sfr25        00000
__Lsfr26                                      sfr26        00000
__Lsfr27                                      sfr27        00000
__Lsfr28                                      sfr28        00000
__Lsfr29                                      sfr29        00000
__Lsfr3                                       sfr3         00000
__Lsfr30                                      sfr30        00000
__Lsfr31                                      sfr31        00000
__Lsfr32                                      sfr32        00000
__Lsfr33                                      sfr33        00000
__Lsfr34                                      sfr34        00000
__Lsfr35                                      sfr35        00000
__Lsfr36                                      sfr36        00000
__Lsfr37                                      sfr37        00000
__Lsfr38                                      sfr38        00000
__Lsfr39                                      sfr39        00000
__Lsfr4                                       sfr4         00000
__Lsfr40                                      sfr40        00000
__Lsfr41                                      sfr41        00000
__Lsfr42                                      sfr42        00000
__Lsfr43                                      sfr43        00000
__Lsfr44                                      sfr44        00000
__Lsfr45                                      sfr45        00000
__Lsfr46                                      sfr46        00000
__Lsfr47                                      sfr47        00000
__Lsfr48                                      sfr48        00000
__Lsfr49                                      sfr49        00000
__Lsfr5                                       sfr5         00000
__Lsfr50                                      sfr50        00000
__Lsfr51                                      sfr51        00000
__Lsfr52                                      sfr52        00000
__Lsfr53                                      sfr53        00000
__Lsfr54                                      sfr54        00000
__Lsfr55                                      sfr55        00000
__Lsfr56                                      sfr56        00000
__Lsfr57                                      sfr57        00000
__Lsfr58                                      sfr58        00000
__Lsfr59                                      sfr59        00000
__Lsfr6                                       sfr6         00000
__Lsfr60                                      sfr60        00000
__Lsfr61                                      sfr61        00000
__Lsfr62                                      sfr62        00000
__Lsfr63                                      sfr63        00000
__Lsfr7                                       sfr7         00000
__Lsfr8                                       sfr8         00000
__Lsfr9                                       sfr9         00000
__Lsivt                                       sivt         00028
__Lspace_0                                    (abs)        00000
__Lspace_1                                    (abs)        00000
__Lspace_2                                    (abs)        00000
__Lspace_3                                    (abs)        00000
__Lspace_4                                    (abs)        00000
__Lstack                                      stack        00000
__Lstrings                                    strings      00000
__Lstringtext1                                stringtext1  00000
__Lstringtext2                                stringtext2  00000
__Ltext                                       text         00000
__S0                                          (abs)        0101C
__S1                                          (abs)        000B0
__S3                                          (abs)        00000
___bmul                                       text51       00E31
___bmul@multiplicand                          cstackBANK0  00045
___bmul@multiplier                            cstackBANK0  00047
___bmul@product                               cstackBANK0  00046
___heap_hi                                    (abs)        00000
___heap_lo                                    (abs)        00000
___int_sp                                     stack        00000
___int_stack_hi                               stack        00000
___int_stack_lo                               stack        00000
___latbits                                    (abs)        00003
___sp                                         stack        00000
___stack_hi                                   stack        00000
___stack_lo                                   stack        00000
___stackhi                                    (abs)        00000
___stacklo                                    (abs)        00000
__end_of_ADCC_ThresholdISR_mTouch             text58       00CCD
__end_of_ADC_ISR                              text70       00CB2
__end_of_ADC_Initialize                       text55       00727
__end_of_ADC_ThresholdCallbackRegister        text41       00CD9
__end_of_ADC_ThresholdISR                     text57       00D5E
__end_of_Button_Baseline_Initialize           text30       007D8
__end_of_Button_Baseline_Update               text29       00462
__end_of_Button_DefaultCallback               text28       00CAF
__end_of_Button_Deviation_Update              text34       004EA
__end_of_Button_Reading_Update                text31       00E59
__end_of_Button_Reading_Update_Helper         text32       006C8
__end_of_Button_Service                       text22       0067C
__end_of_Button_State_Initializing            text26       005CB
__end_of_Button_State_NotPressed              text25       003D8
__end_of_Button_State_Pressed                 text27       00629
__end_of_Button_Tick_helper                   text6        007FF
__end_of_CLOCK_Initialize                     text54       00D0B
__end_of_INTERRUPT_Initialize                 text52       00D42
__end_of_INTERRUPT_InterruptManager           intentry     00028
__end_of_INT_SetInterruptHandler              text53       00CD3
__end_of_MTOUCH_Button_Initialize             text49       006F8
__end_of_MTOUCH_Button_InitializeAll          text47       00F35
__end_of_MTOUCH_Button_ServiceAll             text21       00D6D
__end_of_MTOUCH_Button_Tick                   text5        00CFA
__end_of_MTOUCH_Button_isPressed              text35       00F18
__end_of_MTOUCH_Initialize                    text38       00D4F
__end_of_MTOUCH_Sensor_ADCC_Initialize        text40       00F90
__end_of_MTOUCH_Sensor_Calibrate              text50       00DC0
__end_of_MTOUCH_Sensor_Enable                 text46       00DD2
__end_of_MTOUCH_Sensor_Initialize             text44       00ECA
__end_of_MTOUCH_Sensor_InitializeAll          text43       00F52
__end_of_MTOUCH_Sensor_RawSample_Get          text33       00EE3
__end_of_MTOUCH_Sensor_SampleAll              text7        00DE4
__end_of_MTOUCH_Sensor_Sampled_ResetAll       text42       00F6F
__end_of_MTOUCH_Sensor_Scan_Initialize        text39       00CB9
__end_of_MTOUCH_Sensor_Service                text59       0056A
__end_of_MTOUCH_Sensor_isCalibrated           text24       00EFC
__end_of_MTOUCH_Sensor_isEnabled              text19       00E83
__end_of_MTOUCH_Sensor_isSampling             text20       00CB5
__end_of_MTOUCH_Sensor_isSamplingComplete     text14       007AD
__end_of_MTOUCH_Sensor_postAcquisitionProcess text10       00754
__end_of_MTOUCH_Sensor_wasSampled             text23       00E6E
__end_of_MTOUCH_Service_Mainloop              text2        00FDA
__end_of_MTOUCH_Tick                          text4        00CC1
__end_of_MTOUCH_needReburst                   text3        00004
__end_of_PIN_MANAGER_Initialize               text37       00781
__end_of_SYSTEM_Initialize                    text36       00D8C
__end_of_Sensor_DefaultCallback               text13       00800
__end_of_Sensor_FrequencyHopping              text8        00CBD
__end_of_Sensor_RawSample_Update              text11       00FB5
__end_of_Sensor_Sampled_Reset                 text45       00CF3
__end_of_Sensor_SetTrisBit                    text18       00EB1
__end_of_Sensor_isCalibrated                  text17       00D2B
__end_of_Sensor_isCalibratingAcqTime          text16       00D02
__end_of_Sensor_scheduleNextScan              text15       00274
__end_of_Sensor_setCalibrated                 text69       00D20
__end_of_Sensor_setSamplePeriod               text9        00DAE
__end_of_Sensor_setSampled                    text68       00CC7
__end_of___bmul                               text51       00E45
__end_of__initialization                      cinit        00046
__end_of_abs                                  text67       00D9D
__end_of_main                                 maintext     00D36
__end_of_medianFilter                         text12       00195
__end_of_memcpy                               text48       01000
__end_of_mtouch_button_init                   stringtext1  01010
__end_of_mtouch_sensor_init                   stringtext2  0101C
__end_of_touch_example                        text1        00DF6
__end_ofi1_MTOUCH_Sensor_isEnabled            text65       00E1D
__end_ofi1_MTOUCH_Sensor_wasSampled           text64       00E31
__end_ofi1_Sensor_SetTrisBit                  text63       00E9A
__end_ofi1_Sensor_isCalibrated                text62       00D15
__end_ofi1_Sensor_isCalibratingAcqTime        text61       00CEC
__end_ofi1_Sensor_scheduleNextScan            text60       00340
__end_ofi1___bmul                             text66       00E09
__initialization                              cinit        0002A
__pbssBANK0                                   bssBANK0     00020
__pbssBANK1                                   bssBANK1     000A0
__pcstackBANK0                                cstackBANK0  00044
__pcstackCOMMON                               cstackCOMMON 00070
__pdataBANK0                                  dataBANK0    00059
__pidataBANK0                                 idataBANK0   00D6D
__pintentry                                   intentry     00004
__pmaintext                                   maintext     00D2B
__pstringtext1                                stringtext1  01000
__pstringtext2                                stringtext2  01010
__ptext1                                      text1        00DE4
__ptext10                                     text10       00727
__ptext11                                     text11       00F90
__ptext12                                     text12       0004A
__ptext13                                     text13       007FF
__ptext14                                     text14       00781
__ptext15                                     text15       00195
__ptext16                                     text16       00CFA
__ptext17                                     text17       00D20
__ptext18                                     text18       00E9A
__ptext19                                     text19       00E6E
__ptext2                                      text2        00FB5
__ptext20                                     text20       00CB2
__ptext21                                     text21       00D5E
__ptext22                                     text22       00629
__ptext23                                     text23       00E59
__ptext24                                     text24       00EE3
__ptext25                                     text25       00340
__ptext26                                     text26       0056A
__ptext27                                     text27       005CB
__ptext28                                     text28       00CAE
__ptext29                                     text29       003D8
__ptext3                                      text3        00002
__ptext30                                     text30       007AD
__ptext31                                     text31       00E45
__ptext32                                     text32       0067C
__ptext33                                     text33       00ECA
__ptext34                                     text34       00462
__ptext35                                     text35       00EFC
__ptext36                                     text36       00D7C
__ptext37                                     text37       00754
__ptext38                                     text38       00D42
__ptext39                                     text39       00CB5
__ptext4                                      text4        00CBD
__ptext40                                     text40       00F6F
__ptext41                                     text41       00CD3
__ptext42                                     text42       00F52
__ptext43                                     text43       00F35
__ptext44                                     text44       00EB1
__ptext45                                     text45       00CEC
__ptext46                                     text46       00DC0
__ptext47                                     text47       00F18
__ptext48                                     text48       00FDA
__ptext49                                     text49       006C8
__ptext5                                      text5        00CF3
__ptext50                                     text50       00DAE
__ptext51                                     text51       00E31
__ptext52                                     text52       00D36
__ptext53                                     text53       00CCD
__ptext54                                     text54       00D02
__ptext55                                     text55       006F8
__ptext57                                     text57       00D4F
__ptext58                                     text58       00CC7
__ptext59                                     text59       004EA
__ptext6                                      text6        007D8
__ptext60                                     text60       00274
__ptext61                                     text61       00CE5
__ptext62                                     text62       00D0B
__ptext63                                     text63       00E83
__ptext64                                     text64       00E1D
__ptext65                                     text65       00E09
__ptext66                                     text66       00DF6
__ptext67                                     text67       00D8C
__ptext68                                     text68       00CC1
__ptext69                                     text69       00D15
__ptext7                                      text7        00DD2
__ptext70                                     text70       00CAF
__ptext8                                      text8        00CB9
__ptext9                                      text9        00D9D
_abs                                          text67       00D8C
_adc_busy_status                              bssBANK0     00037
_callback_notPressed                          dataBANK0    00062
_callback_pressed                             dataBANK0    00064
_callback_sampled                             dataBANK0    00066
_currentScanSensor                            bssBANK0     00034
_freq_hop                                     dataBANK0    0005F
_freq_index                                   bssBANK0     00030
_lowpowerActivated                            bssBANK0     00031
_main                                         maintext     00D2B
_medianFilter                                 text12       0004A
_memcpy                                       text48       00FDA
_mtouch_button                                bssBANK1     000A0
_mtouch_button_init                           stringtext1  01000
_mtouch_request_init                          bssBANK0     00035
_mtouch_sensor                                bssBANK0     00038
_mtouch_sensor_init                           stringtext2  01010
_mtouch_time_toScan                           bssBANK0     00036
_packet_sample                                bssBANK0     00026
_sample_delay                                 bssBANK0     0002F
_sampling_flag                                bssBANK0     00033
_scanInterrupted                              bssBANK0     00032
_sensor_medianBuffer                          bssBANK0     00020
_touch_example                                text1        00DE4
abs@a                                         cstackCOMMON 00070
btemp                                         (abs)        0007E
btemp0                                        (abs)        0007E
btemp1                                        (abs)        0007F
clear_ram0                                    clrtext      00CD9
end_of_initialization                         cinit        00046
i1MTOUCH_Sensor_isEnabled@sensor              cstackCOMMON 00073
i1MTOUCH_Sensor_wasSampled@sensor             cstackCOMMON 00073
i1Sensor_SetTrisBit@TrisBit                   cstackCOMMON 00070
i1Sensor_SetTrisBit@sensor                    cstackCOMMON 00073
i1Sensor_isCalibrated@sensor                  cstackCOMMON 00070
i1Sensor_isCalibratingAcqTime@sensor          cstackCOMMON 00070
i1Sensor_scheduleNextScan@sensor              cstackCOMMON 0007B
i1Sensor_scheduleNextScan@skipScan            cstackCOMMON 0007A
i1Sensor_scheduleNextScan@state               cstackCOMMON 00079
i1_MTOUCH_Sensor_isEnabled                    text65       00E09
i1_MTOUCH_Sensor_wasSampled                   text64       00E1D
i1_Sensor_SetTrisBit                          text63       00E83
i1_Sensor_isCalibrated                        text62       00D0B
i1_Sensor_isCalibratingAcqTime                text61       00CE5
i1_Sensor_scheduleNextScan                    text60       00274
i1___bmul                                     text66       00DF6
i1___bmul@multiplicand                        cstackCOMMON 00070
i1___bmul@multiplier                          cstackCOMMON 00072
i1___bmul@product                             cstackCOMMON 00071
init_ram                                      inittext     00CDF
int$flags                                     (abs)        0007E
intlevel0                                     functab      00000
intlevel1                                     functab      00000
intlevel2                                     functab      00000
intlevel3                                     functab      00000
intlevel4                                     functab      00000
intlevel5                                     functab      00000
ltemp0a                                       (abs)        00080
medianFilter@bufferIndex                      bssBANK0     0002E
medianFilter@sensor                           cstackBANK0  0004E
memcpy@d                                      cstackBANK0  0004D
memcpy@d1                                     cstackBANK0  00045
memcpy@n                                      cstackBANK0  00048
memcpy@s                                      cstackBANK0  0004A
memcpy@s1                                     cstackBANK0  00046
memcpy@tmp                                    cstackBANK0  0004C
reset_vec                                     reset_vec    00000
start                                         init         00028
start_initialization                          cinit        0002A
ttemp0a                                       (abs)        0007F
wtemp0                                        (abs)        0007E
wtemp0a                                       (abs)        0007F


MODULE INFORMATION

Module		Function		Class		Link	Load	Size
mcc_generated_files/touch/mtouch.c
		_MTOUCH_Tick   		CODE           	0CBD	0000	4
		_MTOUCH_Initialize		CODE           	0D42	0000	13
		_MTOUCH_Service_Mainloop		CODE           	0FB5	0000	37
		_MTOUCH_needReburst		CODE           	0002	0000	2

mcc_generated_files/touch/mtouch.c estimated size: 56

C:\Program Files\Microchip\xc8\v3.10\pic\sources\c99\common\memcpy.c
		_memcpy        		CODE           	0FDA	0000	38

C:\Program Files\Microchip\xc8\v3.10\pic\sources\c99\common\memcpy.c estimated size: 38

C:\Program Files\Microchip\xc8\v3.10\pic\sources\c99\common\abs.c
		_abs           		CODE           	0D8C	0000	17

C:\Program Files\Microchip\xc8\v3.10\pic\sources\c99\common\abs.c estimated size: 17

mcc_generated_files/touch/example/touch_example.c
		_touch_example 		CODE           	0DE4	0000	18

mcc_generated_files/touch/example/touch_example.c estimated size: 18

mcc_generated_files/touch/mtouch_sensor.c
		_MTOUCH_Sensor_isSamplingComplete		CODE           	0781	0000	44
		_Sensor_setCalibrated		CODE           	0D15	0000	11
		_MTOUCH_Sensor_isEnabled		CODE           	0E6E	0000	21
		_Sensor_isCalibrated		CODE           	0D20	0000	11
		_MTOUCH_Sensor_Initialize		CODE           	0EB1	0000	25
		_Sensor_scheduleNextScan		CODE           	0195	0000	223
		_Sensor_Sampled_Reset		CODE           	0CEC	0000	7
		_MTOUCH_Sensor_InitializeAll		CODE           	0F35	0000	29
		_MTOUCH_Sensor_Service		CODE           	04EA	0000	128
		_Sensor_DefaultCallback		CODE           	07FF	0000	1
		_MTOUCH_Sensor_ADCC_Initialize		CODE           	0F6F	0000	33
		_MTOUCH_Sensor_postAcquisitionProcess		CODE           	0727	0000	45
		_medianFilter  		CODE           	004A	0000	331
		_MTOUCH_Sensor_isCalibrated		CODE           	0EE3	0000	25
		_MTOUCH_Sensor_Calibrate		CODE           	0DAE	0000	18
		_MTOUCH_Sensor_Sampled_ResetAll		CODE           	0F52	0000	29
		_MTOUCH_Sensor_Enable		CODE           	0DC0	0000	18
		_Sensor_setSampled		CODE           	0CC1	0000	6
		_Sensor_isCalibratingAcqTime		CODE           	0CFA	0000	8
		_MTOUCH_Sensor_RawSample_Get		CODE           	0ECA	0000	25
		_MTOUCH_Sensor_SampleAll		CODE           	0DD2	0000	18
		_MTOUCH_Sensor_wasSampled		CODE           	0E59	0000	21
		_Sensor_SetTrisBit		CODE           	0E9A	0000	23
		_MTOUCH_Sensor_Scan_Initialize		CODE           	0CB5	0000	4
		_ADCC_ThresholdISR_mTouch		CODE           	0CC7	0000	6
		_Sensor_RawSample_Update		CODE           	0F90	0000	37
		_MTOUCH_Sensor_isSampling		CODE           	0CB2	0000	3
		_Sensor_setSamplePeriod		CODE           	0D9D	0000	17
		_Sensor_FrequencyHopping		CODE           	0CB9	0000	4

mcc_generated_files/touch/mtouch_sensor.c estimated size: 1171

mcc_generated_files/system/src/interrupt.c
		_INT_SetInterruptHandler		CODE           	0CCD	0000	6
		_INTERRUPT_Initialize		CODE           	0D36	0000	12
		_INTERRUPT_InterruptManager		CODE           	0004	0000	36

mcc_generated_files/system/src/interrupt.c estimated size: 54

mcc_generated_files/touch/mtouch_button.c
		_Button_Deviation_Update		CODE           	0462	0000	136
		_MTOUCH_Button_isPressed		CODE           	0EFC	0000	28
		_MTOUCH_Button_Initialize		CODE           	06C8	0000	48
		_Button_Tick_helper		CODE           	07D8	0000	39
		_MTOUCH_Button_InitializeAll		CODE           	0F18	0000	29
		_Button_Baseline_Update		CODE           	03D8	0000	138
		_Button_State_Pressed		CODE           	05CB	0000	94
		_Button_Reading_Update		CODE           	0E45	0000	20
		_Button_DefaultCallback		CODE           	0CAE	0000	1
		_MTOUCH_Button_Tick		CODE           	0CF3	0000	7
		_Button_State_NotPressed		CODE           	0340	0000	152
		_Button_Reading_Update_Helper		CODE           	067C	0000	76
		_Button_Service		CODE           	0629	0000	83
		_Button_State_Initializing		CODE           	056A	0000	97
		_MTOUCH_Button_ServiceAll		CODE           	0D5E	0000	15
		_Button_Baseline_Initialize		CODE           	07AD	0000	43

mcc_generated_files/touch/mtouch_button.c estimated size: 1006

mcc_generated_files/adc/src/adc.c
		_ADC_ThresholdCallbackRegister		CODE           	0CD3	0000	6
		_ADC_Initialize		CODE           	06F8	0000	47
		_ADC_ISR       		CODE           	0CAF	0000	3
		_ADC_ThresholdISR		CODE           	0D4F	0000	15

mcc_generated_files/adc/src/adc.c estimated size: 71

C:\Program Files\Microchip\xc8\v3.10\pic\sources\c99\common\Umul8.c
		___bmul        		CODE           	0E31	0000	20

C:\Program Files\Microchip\xc8\v3.10\pic\sources\c99\common\Umul8.c estimated size: 20

mcc_generated_files/system/src/pins.c
		_PIN_MANAGER_Initialize		CODE           	0754	0000	45

mcc_generated_files/system/src/pins.c estimated size: 45

shared
		i1_Sensor_isCalibrated		CODE           	0D0B	0000	10
		i1_Sensor_isCalibratingAcqTime		CODE           	0CE5	0000	7
		__initialization		CODE           	002A	0000	28
		_mtouch_button_init		STRCODE        	1000	0000	16
		_mtouch_sensor_init		STRCODE        	1010	0000	12
		i1___bmul      		CODE           	0DF6	0000	19
		i1_Sensor_SetTrisBit		CODE           	0E83	0000	23
		i1_MTOUCH_Sensor_wasSampled		CODE           	0E1D	0000	20
		i1_MTOUCH_Sensor_isEnabled		CODE           	0E09	0000	20
		i1_Sensor_scheduleNextScan		CODE           	0274	0000	204

shared estimated size: 359

mcc_generated_files/system/src/clock.c
		_CLOCK_Initialize		CODE           	0D02	0000	9

mcc_generated_files/system/src/clock.c estimated size: 9

main.c
		_main          		CODE           	0D2B	0000	11

main.c estimated size: 11

mcc_generated_files/system/src/system.c
		_SYSTEM_Initialize		CODE           	0D7C	0000	16

mcc_generated_files/system/src/system.c estimated size: 16

